2026-02-10 15:46:51,338 DEBUG Horse: Создание Horse, имя [Bucephalus], скорость [2.4]
2026-02-10 15:46:51,340 DEBUG Horse: Создание Horse, имя [Ace of Spades], скорость [2.5]
2026-02-10 15:46:51,340 DEBUG Horse: Создание Horse, имя [Zephyr], скорость [2.6]
2026-02-10 15:46:51,340 DEBUG Horse: Создание Horse, имя [Blaze], скорость [2.7]
2026-02-10 15:46:51,340 DEBUG Horse: Создание Horse, имя [Lobster], скорость [2.8]
2026-02-10 15:46:51,340 DEBUG Horse: Создание Horse, имя [Pegasus], скорость [2.9]
2026-02-10 15:46:51,341 DEBUG Horse: Создание Horse, имя [Cherry], скорость [3.0]
2026-02-10 15:46:51,342 DEBUG Hippodrome: Создание Hippodrome, лошадей [7]
2026-02-10 15:46:51,342 INFO  Main: Начало скачек. Количество участников: 7
2026-02-10 15:46:53,394 INFO  Main: Окончание скачек. Победитель: Pegasus
2026-02-10 15:47:42,547 DEBUG Horse: Создание Horse, имя [Bucephalus], скорость [2.4]
2026-02-10 15:47:42,549 DEBUG Horse: Создание Horse, имя [Ace of Spades], скорость [2.5]
2026-02-10 15:47:42,549 DEBUG Horse: Создание Horse, имя [Zephyr], скорость [2.6]
2026-02-10 15:47:42,549 DEBUG Horse: Создание Horse, имя [Blaze], скорость [2.7]
2026-02-10 15:47:42,549 DEBUG Horse: Создание Horse, имя [Lobster], скорость [2.8]
2026-02-10 15:47:42,549 DEBUG Horse: Создание Horse, имя [Pegasus], скорость [2.9]
2026-02-10 15:47:42,549 DEBUG Horse: Создание Horse, имя [Cherry], скорость [3.0]
2026-02-10 15:47:42,550 DEBUG Hippodrome: Создание Hippodrome, лошадей [7]
2026-02-10 15:47:42,550 INFO  Main: Начало скачек. Количество участников: 7
2026-02-10 15:48:02,913 INFO  Main: Окончание скачек. Победитель: Cherry
2026-02-10 15:48:48,585 DEBUG Horse: Создание Horse, имя [Bucephalus], скорость [2.4]
2026-02-10 15:48:48,588 DEBUG Horse: Создание Horse, имя [Ace of Spades], скорость [2.5]
2026-02-10 15:48:48,588 DEBUG Horse: Создание Horse, имя [Zephyr], скорость [2.6]
2026-02-10 15:48:48,588 DEBUG Horse: Создание Horse, имя [Blaze], скорость [2.7]
2026-02-10 15:48:48,588 DEBUG Horse: Создание Horse, имя [Lobster], скорость [2.8]
2026-02-10 15:48:48,589 DEBUG Horse: Создание Horse, имя [Pegasus], скорость [2.9]
2026-02-10 15:48:48,589 DEBUG Horse: Создание Horse, имя [Cherry], скорость [3.0]
2026-02-10 15:48:48,589 DEBUG Hippodrome: Создание Hippodrome, лошадей [7]
2026-02-10 15:48:48,589 INFO  Main: Начало скачек. Количество участников: 7
2026-02-10 15:49:08,997 INFO  Main: Окончание скачек. Победитель: Pegasus
2026-02-10 15:50:08,629 DEBUG Horse: Создание Horse, имя [Bucephalus], скорость [2.4]
2026-02-10 15:50:08,631 DEBUG Horse: Создание Horse, имя [Ace of Spades], скорость [2.5]
2026-02-10 15:50:08,631 DEBUG Horse: Создание Horse, имя [Zephyr], скорость [2.6]
2026-02-10 15:50:08,631 DEBUG Horse: Создание Horse, имя [Blaze], скорость [2.7]
2026-02-10 15:50:08,631 DEBUG Horse: Создание Horse, имя [Lobster], скорость [2.8]
2026-02-10 15:50:08,631 DEBUG Horse: Создание Horse, имя [Pegasus], скорость [2.9]
2026-02-10 15:50:08,632 DEBUG Horse: Создание Horse, имя [Cherry], скорость [3.0]
2026-02-10 15:50:08,632 DEBUG Hippodrome: Создание Hippodrome, лошадей [7]
2026-02-10 15:50:08,632 INFO  Main: Начало скачек. Количество участников: 7
2026-02-10 15:50:29,013 INFO  Main: Окончание скачек. Победитель: Cherry
2026-02-10 16:04:32,019 ERROR Horse: Name is blank
2026-02-10 16:04:32,027 ERROR Horse: Name is blank
2026-02-10 16:04:32,029 ERROR Horse: Name is blank
2026-02-10 16:04:32,030 ERROR Horse: Name is blank
2026-02-10 16:04:32,032 ERROR Horse: Name is blank
2026-02-10 16:04:32,033 ERROR Horse: Name is blank
2026-02-10 16:04:32,044 DEBUG Horse: Создание Horse, имя [Bucephalus], скорость [2.4]
2026-02-10 16:04:32,563 DEBUG Horse: Создание Horse, имя [Bucephalus], скорость [2.4]
2026-02-10 16:04:32,574 ERROR Horse: Distance is negative
2026-02-10 16:04:32,575 ERROR Horse: Speed is negative
2026-02-10 16:04:32,576 DEBUG Horse: Создание Horse, имя [Bucephalus], скорость [2.4]
2026-02-10 16:04:32,578 DEBUG Horse: Создание Horse, имя [Bucephalus], скорость [2.4]
2026-02-10 16:04:32,579 DEBUG Horse: Создание Horse, имя [Bucephalus], скорость [2.4]
2026-02-10 16:04:32,580 ERROR Horse: Name is null
2026-02-10 16:04:32,584 DEBUG Horse: Создание Horse, имя [Bucephalus], скорость [2.4]
2026-02-10 16:04:32,587 DEBUG Horse: Создание Horse, имя [Bucephalus], скорость [2.4]
2026-02-10 16:04:32,588 DEBUG Horse: Создание Horse, имя [Bucephalus], скорость [2.4]
2026-02-10 16:04:32,592 ERROR Hippodrome: Horses list is empty
2026-02-10 16:04:32,593 ERROR Hippodrome: Horses list is null
2026-02-10 16:04:32,622 DEBUG Hippodrome: Создание Hippodrome, лошадей [50]
2026-02-10 16:04:32,644 DEBUG Horse: Создание Horse, имя [Horse0], скорость [2.0]
2026-02-10 16:04:32,644 DEBUG Horse: Создание Horse, имя [Horse1], скорость [2.1]
2026-02-10 16:04:32,645 DEBUG Horse: Создание Horse, имя [Horse2], скорость [2.2]
2026-02-10 16:04:32,645 DEBUG Horse: Создание Horse, имя [Horse3], скорость [2.3]
2026-02-10 16:04:32,645 DEBUG Horse: Создание Horse, имя [Horse4], скорость [2.4]
2026-02-10 16:04:32,645 DEBUG Horse: Создание Horse, имя [Horse5], скорость [2.5]
2026-02-10 16:04:32,645 DEBUG Horse: Создание Horse, имя [Horse6], скорость [2.6]
2026-02-10 16:04:32,645 DEBUG Horse: Создание Horse, имя [Horse7], скорость [2.7]
2026-02-10 16:04:32,645 DEBUG Horse: Создание Horse, имя [Horse8], скорость [2.8]
2026-02-10 16:04:32,645 DEBUG Horse: Создание Horse, имя [Horse9], скорость [2.9]
2026-02-10 16:04:32,645 DEBUG Horse: Создание Horse, имя [Horse10], скорость [3.0]
2026-02-10 16:04:32,645 DEBUG Horse: Создание Horse, имя [Horse11], скорость [3.1]
2026-02-10 16:04:32,645 DEBUG Horse: Создание Horse, имя [Horse12], скорость [3.2]
2026-02-10 16:04:32,645 DEBUG Horse: Создание Horse, имя [Horse13], скорость [3.3]
2026-02-10 16:04:32,645 DEBUG Horse: Создание Horse, имя [Horse14], скорость [3.4000000000000004]
2026-02-10 16:04:32,645 DEBUG Horse: Создание Horse, имя [Horse15], скорость [3.5]
2026-02-10 16:04:32,647 DEBUG Horse: Создание Horse, имя [Horse16], скорость [3.6]
2026-02-10 16:04:32,647 DEBUG Horse: Создание Horse, имя [Horse17], скорость [3.7]
2026-02-10 16:04:32,647 DEBUG Horse: Создание Horse, имя [Horse18], скорость [3.8]
2026-02-10 16:04:32,647 DEBUG Horse: Создание Horse, имя [Horse19], скорость [3.9000000000000004]
2026-02-10 16:04:32,647 DEBUG Horse: Создание Horse, имя [Horse20], скорость [4.0]
2026-02-10 16:04:32,647 DEBUG Horse: Создание Horse, имя [Horse21], скорость [4.1]
2026-02-10 16:04:32,647 DEBUG Horse: Создание Horse, имя [Horse22], скорость [4.2]
2026-02-10 16:04:32,647 DEBUG Horse: Создание Horse, имя [Horse23], скорость [4.300000000000001]
2026-02-10 16:04:32,647 DEBUG Horse: Создание Horse, имя [Horse24], скорость [4.4]
2026-02-10 16:04:32,647 DEBUG Horse: Создание Horse, имя [Horse25], скорость [4.5]
2026-02-10 16:04:32,647 DEBUG Horse: Создание Horse, имя [Horse26], скорость [4.6]
2026-02-10 16:04:32,647 DEBUG Horse: Создание Horse, имя [Horse27], скорость [4.7]
2026-02-10 16:04:32,648 DEBUG Horse: Создание Horse, имя [Horse28], скорость [4.800000000000001]
2026-02-10 16:04:32,648 DEBUG Horse: Создание Horse, имя [Horse29], скорость [4.9]
2026-02-10 16:04:32,648 DEBUG Hippodrome: Создание Hippodrome, лошадей [30]
2026-02-10 16:04:32,649 DEBUG Horse: Создание Horse, имя [Horse1], скорость [2.0]
2026-02-10 16:04:32,649 DEBUG Horse: Создание Horse, имя [Horse2], скорость [2.5]
2026-02-10 16:04:32,650 DEBUG Horse: Создание Horse, имя [Horse3], скорость [3.0]
2026-02-10 16:04:32,650 DEBUG Hippodrome: Создание Hippodrome, лошадей [3]
